========================================
Data Update Started: Sun Oct 19 17:08:03 EEST 2025
========================================
======================================================================
Premier League 2025-2026 - Data Update Script
Timestamp: 2025-10-19 17:08:06
======================================================================
✓ Found existing file: /var/www/html/pyethone/scripts/bet2/data/premier_league/2025-2026_all_teams.csv
  Existing data: 140 matches, 20 teams

Starting incremental scrape...
  Request delay: ~8s
  Team delay: ~15s

[1/20] 
[Scraping Arsenal]
  Existing matchweeks: ['Matchweek 1', 'Matchweek 2', 'Matchweek 3', 'Matchweek 4', 'Matchweek 5', 'Matchweek 6', 'Matchweek 7']
  → Checking schedule for new matches...
  → Found 1 new matches
  → Shooting (for & against)...
  → GCA (for & against)...
  → Misc (for & against)...
  ✓ Scraped 1 matches
  ⏳ Waiting 20.8s...
[2/20] 
[Scraping Aston Villa]
  Existing matchweeks: ['Matchweek 1', 'Matchweek 2', 'Matchweek 3', 'Matchweek 4', 'Matchweek 5', 'Matchweek 6', 'Matchweek 7']
  → Checking schedule for new matches...
  ✓ No new matches
[3/20] 
[Scraping Bournemouth]
  Existing matchweeks: ['Matchweek 1', 'Matchweek 2', 'Matchweek 3', 'Matchweek 4', 'Matchweek 5', 'Matchweek 6', 'Matchweek 7']
  → Checking schedule for new matches...
  → Found 1 new matches
  → Shooting (for & against)...
  → GCA (for & against)...
  → Misc (for & against)...
  ✓ Scraped 1 matches
  ⏳ Waiting 21.0s...
[4/20] 
[Scraping Brentford]
  Existing matchweeks: ['Matchweek 1', 'Matchweek 2', 'Matchweek 3', 'Matchweek 4', 'Matchweek 5', 'Matchweek 6', 'Matchweek 7']
  → Checking schedule for new matches...
  ✓ No new matches
[5/20] 
[Scraping Brighton]
  Existing matchweeks: ['Matchweek 1', 'Matchweek 2', 'Matchweek 3', 'Matchweek 4', 'Matchweek 5', 'Matchweek 6', 'Matchweek 7']
  → Checking schedule for new matches...
  → Found 1 new matches
  → Shooting (for & against)...
  → GCA (for & against)...
  → Misc (for & against)...
  ✓ Scraped 1 matches
  ⏳ Waiting 19.6s...
[6/20] 
[Scraping Burnley]
  Existing matchweeks: ['Matchweek 1', 'Matchweek 2', 'Matchweek 3', 'Matchweek 4', 'Matchweek 5', 'Matchweek 6', 'Matchweek 7']
  → Checking schedule for new matches...
  → Found 1 new matches
  → Shooting (for & against)...
  → GCA (for & against)...
  → Misc (for & against)...
  ✓ Scraped 1 matches
  ⏳ Waiting 20.2s...
[7/20] 
[Scraping Chelsea]
  Existing matchweeks: ['Matchweek 1', 'Matchweek 2', 'Matchweek 3', 'Matchweek 4', 'Matchweek 5', 'Matchweek 6', 'Matchweek 7']
  → Checking schedule for new matches...
  → Found 1 new matches
  → Shooting (for & against)...
  → GCA (for & against)...
  → Misc (for & against)...
  ✓ Scraped 1 matches
  ⏳ Waiting 19.7s...
[8/20] 
[Scraping Crystal Palace]
  Existing matchweeks: ['Matchweek 1', 'Matchweek 2', 'Matchweek 3', 'Matchweek 4', 'Matchweek 5', 'Matchweek 6', 'Matchweek 7']
  → Checking schedule for new matches...
  → Found 1 new matches
  → Shooting (for & against)...
  → GCA (for & against)...
  → Misc (for & against)...
  ✓ Scraped 1 matches
  ⏳ Waiting 21.7s...
[9/20] 
[Scraping Everton]
  Existing matchweeks: ['Matchweek 1', 'Matchweek 2', 'Matchweek 3', 'Matchweek 4', 'Matchweek 5', 'Matchweek 6', 'Matchweek 7']
  → Checking schedule for new matches...
  → Found 1 new matches
  → Shooting (for & against)...
  → GCA (for & against)...
  → Misc (for & against)...
  ✓ Scraped 1 matches
  ⏳ Waiting 20.1s...
[10/20] 
[Scraping Fulham]
  Existing matchweeks: ['Matchweek 1', 'Matchweek 2', 'Matchweek 3', 'Matchweek 4', 'Matchweek 5', 'Matchweek 6', 'Matchweek 7']
  → Checking schedule for new matches...
  → Found 1 new matches
  → Shooting (for & against)...
  → GCA (for & against)...
  → Misc (for & against)...
  ✓ Scraped 1 matches
  ⏳ Waiting 19.3s...
[11/20] 
[Scraping Leeds United]
  Existing matchweeks: ['Matchweek 1', 'Matchweek 2', 'Matchweek 3', 'Matchweek 4', 'Matchweek 5', 'Matchweek 6', 'Matchweek 7']
  → Checking schedule for new matches...
  → Found 1 new matches
  → Shooting (for & against)...
  → GCA (for & against)...
  → Misc (for & against)...
  ✓ Scraped 1 matches
  ⏳ Waiting 20.9s...
[12/20] 
[Scraping Liverpool]
  Existing matchweeks: ['Matchweek 1', 'Matchweek 2', 'Matchweek 3', 'Matchweek 4', 'Matchweek 5', 'Matchweek 6', 'Matchweek 7']
  → Checking schedule for new matches...
  ✓ No new matches
[13/20] 
[Scraping Manchester City]
  Existing matchweeks: ['Matchweek 1', 'Matchweek 2', 'Matchweek 3', 'Matchweek 4', 'Matchweek 5', 'Matchweek 6', 'Matchweek 7']
  → Checking schedule for new matches...
  → Found 1 new matches
  → Shooting (for & against)...
  → GCA (for & against)...
  → Misc (for & against)...
  ✓ Scraped 1 matches
  ⏳ Waiting 18.8s...
[14/20] 
[Scraping Manchester Utd]
  Existing matchweeks: ['Matchweek 1', 'Matchweek 2', 'Matchweek 3', 'Matchweek 4', 'Matchweek 5', 'Matchweek 6', 'Matchweek 7']
  → Checking schedule for new matches...
  ✓ No new matches
[15/20] 
[Scraping Newcastle Utd]
  Existing matchweeks: ['Matchweek 1', 'Matchweek 2', 'Matchweek 3', 'Matchweek 4', 'Matchweek 5', 'Matchweek 6', 'Matchweek 7']
  → Checking schedule for new matches...
  → Found 1 new matches
  → Shooting (for & against)...
  → GCA (for & against)...
  → Misc (for & against)...
  ✓ Scraped 1 matches
  ⏳ Waiting 19.3s...
[16/20] 
[Scraping Nott'ham Forest]
  Existing matchweeks: ['Matchweek 1', 'Matchweek 2', 'Matchweek 3', 'Matchweek 4', 'Matchweek 5', 'Matchweek 6', 'Matchweek 7']
  → Checking schedule for new matches...
  → Found 1 new matches
  → Shooting (for & against)...
  → GCA (for & against)...
  → Misc (for & against)...
  ✓ Scraped 1 matches
  ⏳ Waiting 20.1s...
[17/20] 
[Scraping Sunderland]
  Existing matchweeks: ['Matchweek 1', 'Matchweek 2', 'Matchweek 3', 'Matchweek 4', 'Matchweek 5', 'Matchweek 6', 'Matchweek 7']
  → Checking schedule for new matches...
  → Found 1 new matches
  → Shooting (for & against)...
  → GCA (for & against)...
  → Misc (for & against)...
  ✓ Scraped 1 matches
  ⏳ Waiting 21.3s...
[18/20] 
[Scraping Tottenham]
  Existing matchweeks: ['Matchweek 1', 'Matchweek 2', 'Matchweek 3', 'Matchweek 4', 'Matchweek 5', 'Matchweek 6', 'Matchweek 7']
  → Checking schedule for new matches...
  ✓ No new matches
[19/20] 
[Scraping West Ham]
  Existing matchweeks: ['Matchweek 1', 'Matchweek 2', 'Matchweek 3', 'Matchweek 4', 'Matchweek 5', 'Matchweek 6', 'Matchweek 7']
  → Checking schedule for new matches...
  ✓ No new matches
[20/20] 
[Scraping Wolves]
  Existing matchweeks: ['Matchweek 1', 'Matchweek 2', 'Matchweek 3', 'Matchweek 4', 'Matchweek 5', 'Matchweek 6', 'Matchweek 7']
  → Checking schedule for new matches...
  → Found 1 new matches
  → Shooting (for & against)...
  → GCA (for & against)...
  → Misc (for & against)...
  ✓ Scraped 1 matches
  ⏳ Waiting 19.7s...

✓ Added 14 new matches

======================================================================
✓ Data saved to: /var/www/html/pyethone/scripts/bet2/data/premier_league/2025-2026_all_teams.csv
  Total matches: 154
  Total teams: 20
======================================================================

========================================
Data Update Finished: Sun Oct 19 17:31:10 EEST 2025
Exit Code: 0
========================================
