========================================
Data Update Started: Tue Nov  4 18:04:45 EET 2025
========================================
======================================================================
Premier League 2025-2026 - Data Update Script
Timestamp: 2025-11-04 18:04:48
======================================================================
✓ Found existing file: /var/www/html/pyethone/scripts/bet2/data/premier_league/2025-2026_all_teams.csv
  Existing data: 180 matches, 20 teams

Starting incremental scrape...
  Request delay: ~8s
  Team delay: ~15s

[1/20] 
[Scraping Arsenal]
  Existing matchweeks: ['Matchweek 1', 'Matchweek 2', 'Matchweek 3', 'Matchweek 4', 'Matchweek 5', 'Matchweek 6', 'Matchweek 7', 'Matchweek 8', 'Matchweek 9']
  → Checking schedule for new matches...
  ✗ Error: 403 Client Error: Forbidden for url: https://fbref.com/en/squads/18bb7c10/2025-2026/matchlogs/c9/schedule/
Traceback (most recent call last):
  File "/var/www/html/pyethone/scripts/bet2/bash/update_premier_league_data.py", line 307, in scrape_team_data
    df_schedule, new_row_indices = scrape_schedule(
                                   ~~~~~~~~~~~~~~~^
        team_code, existing_matchweeks)
        ^^^^^^^^^^^^^^^^^^^^^^^^^^^^^^^
  File "/var/www/html/pyethone/scripts/bet2/bash/update_premier_league_data.py", line 124, in scrape_schedule
    response = make_request_with_retry(url)
  File "/var/www/html/pyethone/scripts/bet2/bash/update_premier_league_data.py", line 106, in make_request_with_retry
    response.raise_for_status()
    ~~~~~~~~~~~~~~~~~~~~~~~~~^^
  File "/var/www/html/pyethone/pye_venv/lib/python3.13/site-packages/requests/models.py", line 1026, in raise_for_status
    raise HTTPError(http_error_msg, response=self)
requests.exceptions.HTTPError: 403 Client Error: Forbidden for url: https://fbref.com/en/squads/18bb7c10/2025-2026/matchlogs/c9/schedule/
