========================================
Results Collection Started: Tue Nov  4 15:04:00 EET 2025
========================================

2025-11-04 15:04:18,289 - __main__ - INFO - ================================================================================
2025-11-04 15:04:18,289 - __main__ - INFO - RESULTS COLLECTION STARTED
2025-11-04 15:04:18,290 - __main__ - INFO - ================================================================================
2025-11-04 15:04:18,301 - __main__ - INFO - 📊 Found 10 unmatched predictions
2025-11-04 15:04:18,304 - services.data_loader - INFO - Loading 3 seasons: ['2025-2026', '2024-2025', '2023-2024']
2025-11-04 15:04:18,305 - services.data_loader - INFO - Loading data from /var/www/html/pyethone/scripts/bet2/data/premier_league/2025-2026_all_teams.csv
2025-11-04 15:04:18,361 - services.data_loader - INFO - Loaded 180 rows from 2025-2026
2025-11-04 15:04:18,387 - services.data_loader - INFO - Validation passed for 2025-2026
2025-11-04 15:04:18,438 - services.data_loader - INFO - Loading data from /var/www/html/pyethone/scripts/bet2/data/premier_league/2024-2025_all_teams.csv
2025-11-04 15:04:18,682 - services.data_loader - INFO - Loaded 760 rows from 2024-2025
2025-11-04 15:04:18,737 - services.data_loader - INFO - Validation passed for 2024-2025
2025-11-04 15:04:18,771 - services.data_loader - INFO - Loading data from /var/www/html/pyethone/scripts/bet2/data/premier_league/2023-2024_all_teams.csv
2025-11-04 15:04:18,918 - services.data_loader - INFO - Loaded 760 rows from 2023-2024
2025-11-04 15:04:18,948 - services.data_loader - INFO - Validation passed for 2023-2024
2025-11-04 15:04:19,065 - services.data_loader - INFO - Combined dataset: 1700 rows across 3 seasons
2025-11-04 15:04:19,077 - __main__ - INFO - 🔍 Looking for: date=2025-11-04, home=Sunderland, away=Everton
2025-11-04 15:04:19,088 - __main__ - INFO - 🔍 Rows with matching date: 0
2025-11-04 15:04:19,091 - __main__ - INFO - 🔍 Rows with matching home team: 2
2025-11-04 15:04:19,094 - __main__ - INFO - 🔍 Rows with matching opponent: 3
2025-11-04 15:04:19,109 - __main__ - WARNING - ❌ No match found
2025-11-04 15:04:19,114 - __main__ - INFO - 🔍 Looking for: date=2025-11-04, home=Manchester City, away=Bournemouth
2025-11-04 15:04:19,132 - __main__ - INFO - 🔍 Rows with matching date: 0
2025-11-04 15:04:19,141 - __main__ - INFO - 🔍 Rows with matching home team: 3
2025-11-04 15:04:19,149 - __main__ - INFO - 🔍 Rows with matching opponent: 2
2025-11-04 15:04:19,198 - __main__ - WARNING - ❌ No match found
2025-11-04 15:04:19,209 - __main__ - INFO - 🔍 Looking for: date=2025-11-02, home=West Ham, away=Newcastle Utd
2025-11-04 15:04:19,269 - __main__ - INFO - 🔍 Rows with matching date: 0
2025-11-04 15:04:19,323 - __main__ - INFO - 🔍 Rows with matching home team: 2
2025-11-04 15:04:19,348 - __main__ - INFO - 🔍 Rows with matching opponent: 3
2025-11-04 15:04:19,418 - __main__ - WARNING - ❌ No match found
2025-11-04 15:04:19,431 - __main__ - INFO - 🔍 Looking for: date=2025-11-01, home=Liverpool, away=Aston Villa
2025-11-04 15:04:19,478 - __main__ - INFO - 🔍 Rows with matching date: 0
2025-11-04 15:04:19,499 - __main__ - INFO - 🔍 Rows with matching home team: 2
2025-11-04 15:04:19,508 - __main__ - INFO - 🔍 Rows with matching opponent: 3
2025-11-04 15:04:19,571 - __main__ - WARNING - ❌ No match found
2025-11-04 15:04:19,578 - __main__ - INFO - 🔍 Looking for: date=2025-11-01, home=Tottenham, away=Chelsea
2025-11-04 15:04:19,598 - __main__ - INFO - 🔍 Rows with matching date: 0
2025-11-04 15:04:19,604 - __main__ - INFO - 🔍 Rows with matching home team: 2
2025-11-04 15:04:19,610 - __main__ - INFO - 🔍 Rows with matching opponent: 2
2025-11-04 15:04:19,629 - __main__ - WARNING - ❌ No match found
2025-11-04 15:04:19,633 - __main__ - INFO - 🔍 Looking for: date=2025-11-01, home=Nott'ham Forest, away=Manchester Utd
2025-11-04 15:04:19,660 - __main__ - INFO - 🔍 Rows with matching date: 0
2025-11-04 15:04:19,675 - __main__ - INFO - 🔍 Rows with matching home team: 3
2025-11-04 15:04:19,683 - __main__ - INFO - 🔍 Rows with matching opponent: 2
2025-11-04 15:04:19,705 - __main__ - WARNING - ❌ No match found
2025-11-04 15:04:19,710 - __main__ - INFO - 🔍 Looking for: date=2025-11-01, home=Fulham, away=Wolves
2025-11-04 15:04:19,739 - __main__ - INFO - 🔍 Rows with matching date: 0
2025-11-04 15:04:19,749 - __main__ - INFO - 🔍 Rows with matching home team: 2
2025-11-04 15:04:19,767 - __main__ - INFO - 🔍 Rows with matching opponent: 3
2025-11-04 15:04:19,798 - __main__ - WARNING - ❌ No match found
2025-11-04 15:04:19,806 - __main__ - INFO - 🔍 Looking for: date=2025-11-01, home=Crystal Palace, away=Brentford
2025-11-04 15:04:19,874 - __main__ - INFO - 🔍 Rows with matching date: 0
2025-11-04 15:04:19,898 - __main__ - INFO - 🔍 Rows with matching home team: 3
2025-11-04 15:04:19,931 - __main__ - INFO - 🔍 Rows with matching opponent: 3
2025-11-04 15:04:20,015 - __main__ - WARNING - ❌ No match found
2025-11-04 15:04:20,043 - __main__ - INFO - 🔍 Looking for: date=2025-11-01, home=Burnley, away=Arsenal
2025-11-04 15:04:20,135 - __main__ - INFO - 🔍 Rows with matching date: 0
2025-11-04 15:04:20,147 - __main__ - INFO - 🔍 Rows with matching home team: 3
2025-11-04 15:04:20,186 - __main__ - INFO - 🔍 Rows with matching opponent: 2
2025-11-04 15:04:20,242 - __main__ - WARNING - ❌ No match found
2025-11-04 15:04:20,265 - __main__ - INFO - 🔍 Looking for: date=2025-11-01, home=Brighton, away=Leeds United
2025-11-04 15:04:20,395 - __main__ - INFO - 🔍 Rows with matching date: 0
2025-11-04 15:04:20,521 - __main__ - INFO - 🔍 Rows with matching home team: 3
2025-11-04 15:04:20,525 - __main__ - INFO - 🔍 Rows with matching opponent: 2
2025-11-04 15:04:20,538 - __main__ - WARNING - ❌ No match found
2025-11-04 15:04:20,539 - __main__ - INFO - ✅ Matched 0/10 predictions with results
2025-11-04 15:04:20,539 - __main__ - INFO - 
================================================================================
2025-11-04 15:04:20,540 - __main__ - INFO - CALCULATING ACCURACY METRICS
2025-11-04 15:04:20,540 - __main__ - INFO - ================================================================================
2025-11-04 15:04:20,578 - __main__ - INFO - 📊 Analyzing 11 matched predictions
2025-11-04 15:04:20,588 - __main__ - WARNING - ⚠️ No valid match results to calculate metrics
/var/www/html/pyethone/pye_venv/lib/python3.13/site-packages/sklearn/metrics/_ranking.py:424: UndefinedMetricWarning: Only one class is present in y_true. ROC AUC score is not defined in that case.
  warnings.warn(
2025-11-04 15:04:20,671 - __main__ - INFO - ⚽ Goals O/U 0.5: Accuracy=0.0%, Brier=0.001, AUC=nan
2025-11-04 15:04:20,860 - __main__ - INFO - ⚽ Goals O/U 1.5: Accuracy=18.2%, Brier=0.156, AUC=0.444
2025-11-04 15:04:21,041 - __main__ - INFO - ⚽ Goals O/U 2.5: Accuracy=36.4%, Brier=0.251, AUC=0.357
2025-11-04 15:04:21,202 - __main__ - INFO - ⚽ Goals O/U 3.5: Accuracy=72.7%, Brier=0.210, AUC=0.583
2025-11-04 15:04:21,444 - __main__ - INFO - ⚽ BTTS: Accuracy=45.5%, Brier=0.246, AUC=0.567
/var/www/html/pyethone/pye_venv/lib/python3.13/site-packages/sklearn/metrics/_ranking.py:424: UndefinedMetricWarning: Only one class is present in y_true. ROC AUC score is not defined in that case.
  warnings.warn(
2025-11-04 15:04:21,525 - __main__ - INFO - 🟨 Cards O/U 3.5: Accuracy=100.0%, Brier=0.323, AUC=nan
/var/www/html/pyethone/pye_venv/lib/python3.13/site-packages/sklearn/metrics/_ranking.py:424: UndefinedMetricWarning: Only one class is present in y_true. ROC AUC score is not defined in that case.
  warnings.warn(
2025-11-04 15:04:21,616 - __main__ - INFO - 🟨 Cards O/U 4.5: Accuracy=100.0%, Brier=0.151, AUC=nan
2025-11-04 15:04:21,646 - __main__ - INFO - 💰 O/U 0.5: 11 bets, ROI=100.0%
2025-11-04 15:04:21,673 - __main__ - INFO - 💰 O/U 1.5: 11 bets, ROI=63.6%
2025-11-04 15:04:21,704 - __main__ - INFO - 💰 O/U 2.5: 11 bets, ROI=27.3%
2025-11-04 15:04:21,771 - __main__ - INFO - 💰 O/U 3.5: 11 bets, ROI=45.5%
2025-11-04 15:04:21,806 - __main__ - INFO - 💰 BTTS: 11 bets, ROI=-9.1%
2025-11-04 15:04:21,850 - __main__ - INFO - 💰 Cards O/U 3.5: 11 bets, ROI=-63.6%
2025-11-04 15:04:21,891 - __main__ - INFO - 💰 Cards O/U 4.5: 11 bets, ROI=81.8%
2025-11-04 15:04:21,892 - __main__ - INFO - 
✅ Metrics calculation complete!

========================================
Results Collection Finished: Tue Nov  4 15:04:26 EET 2025
Exit Code: 0
========================================
