========================================
Results Collection Started: Tue Nov  4 15:27:25 EET 2025
========================================

2025-11-04 15:27:33,275 - __main__ - INFO - ================================================================================
2025-11-04 15:27:33,276 - __main__ - INFO - RESULTS COLLECTION STARTED
2025-11-04 15:27:33,276 - __main__ - INFO - ================================================================================
2025-11-04 15:27:33,288 - __main__ - INFO - 📊 Found 10 unmatched predictions
2025-11-04 15:27:33,291 - services.data_loader - INFO - Loading 3 seasons: ['2025-2026', '2024-2025', '2023-2024']
2025-11-04 15:27:33,292 - services.data_loader - INFO - Loading data from /var/www/html/pyethone/scripts/bet2/data/premier_league/2025-2026_all_teams.csv
2025-11-04 15:27:33,346 - services.data_loader - INFO - Loaded 180 rows from 2025-2026
2025-11-04 15:27:33,370 - services.data_loader - INFO - Validation passed for 2025-2026
2025-11-04 15:27:33,407 - services.data_loader - INFO - Loading data from /var/www/html/pyethone/scripts/bet2/data/premier_league/2024-2025_all_teams.csv
2025-11-04 15:27:33,531 - services.data_loader - INFO - Loaded 760 rows from 2024-2025
2025-11-04 15:27:33,553 - services.data_loader - INFO - Validation passed for 2024-2025
2025-11-04 15:27:33,575 - services.data_loader - INFO - Loading data from /var/www/html/pyethone/scripts/bet2/data/premier_league/2023-2024_all_teams.csv
2025-11-04 15:27:33,691 - services.data_loader - INFO - Loaded 760 rows from 2023-2024
2025-11-04 15:27:33,719 - services.data_loader - INFO - Validation passed for 2023-2024
2025-11-04 15:27:33,799 - services.data_loader - INFO - Combined dataset: 1700 rows across 3 seasons
2025-11-04 15:27:33,814 - __main__ - INFO - 🔍 Looking for: date=2025-11-03, home=Sunderland, away=Everton
2025-11-04 15:27:33,829 - __main__ - INFO - 🔍 Rows with matching date: 0
2025-11-04 15:27:33,833 - __main__ - INFO - 🔍 Rows with matching home team: 2
2025-11-04 15:27:33,840 - __main__ - INFO - 🔍 Rows with matching opponent: 3
2025-11-04 15:27:33,865 - __main__ - WARNING - ❌ No match found
2025-11-04 15:27:33,868 - __main__ - INFO - 🔍 Looking for: date=2025-11-02, home=Manchester City, away=Bournemouth
2025-11-04 15:27:33,881 - __main__ - INFO - 🔍 Rows with matching date: 0
2025-11-04 15:27:33,885 - __main__ - INFO - 🔍 Rows with matching home team: 3
2025-11-04 15:27:33,891 - __main__ - INFO - 🔍 Rows with matching opponent: 2
2025-11-04 15:27:33,906 - __main__ - WARNING - ❌ No match found
2025-11-04 15:27:33,908 - __main__ - INFO - 🔍 Looking for: date=2025-11-02, home=West Ham, away=Newcastle Utd
2025-11-04 15:27:33,940 - __main__ - INFO - 🔍 Rows with matching date: 0
2025-11-04 15:27:33,951 - __main__ - INFO - 🔍 Rows with matching home team: 2
2025-11-04 15:27:33,956 - __main__ - INFO - 🔍 Rows with matching opponent: 3
2025-11-04 15:27:33,982 - __main__ - WARNING - ❌ No match found
2025-11-04 15:27:33,985 - __main__ - INFO - 🔍 Looking for: date=2025-11-01, home=Liverpool, away=Aston Villa
2025-11-04 15:27:34,009 - __main__ - INFO - 🔍 Rows with matching date: 0
2025-11-04 15:27:34,020 - __main__ - INFO - 🔍 Rows with matching home team: 2
2025-11-04 15:27:34,024 - __main__ - INFO - 🔍 Rows with matching opponent: 3
2025-11-04 15:27:34,046 - __main__ - WARNING - ❌ No match found
2025-11-04 15:27:34,049 - __main__ - INFO - 🔍 Looking for: date=2025-11-01, home=Tottenham, away=Chelsea
2025-11-04 15:27:34,081 - __main__ - INFO - 🔍 Rows with matching date: 0
2025-11-04 15:27:34,088 - __main__ - INFO - 🔍 Rows with matching home team: 2
2025-11-04 15:27:34,098 - __main__ - INFO - 🔍 Rows with matching opponent: 2
2025-11-04 15:27:34,116 - __main__ - WARNING - ❌ No match found
2025-11-04 15:27:34,118 - __main__ - INFO - 🔍 Looking for: date=2025-11-01, home=Nott'ham Forest, away=Manchester Utd
2025-11-04 15:27:34,165 - __main__ - INFO - 🔍 Rows with matching date: 0
2025-11-04 15:27:34,169 - __main__ - INFO - 🔍 Rows with matching home team: 3
2025-11-04 15:27:34,177 - __main__ - INFO - 🔍 Rows with matching opponent: 2
2025-11-04 15:27:34,196 - __main__ - WARNING - ❌ No match found
2025-11-04 15:27:34,207 - __main__ - INFO - 🔍 Looking for: date=2025-11-01, home=Fulham, away=Wolves
2025-11-04 15:27:34,232 - __main__ - INFO - 🔍 Rows with matching date: 0
2025-11-04 15:27:34,240 - __main__ - INFO - 🔍 Rows with matching home team: 2
2025-11-04 15:27:34,246 - __main__ - INFO - 🔍 Rows with matching opponent: 3
2025-11-04 15:27:34,266 - __main__ - WARNING - ❌ No match found
2025-11-04 15:27:34,269 - __main__ - INFO - 🔍 Looking for: date=2025-11-01, home=Crystal Palace, away=Brentford
2025-11-04 15:27:34,281 - __main__ - INFO - 🔍 Rows with matching date: 0
2025-11-04 15:27:34,283 - __main__ - INFO - 🔍 Rows with matching home team: 3
2025-11-04 15:27:34,289 - __main__ - INFO - 🔍 Rows with matching opponent: 3
2025-11-04 15:27:34,298 - __main__ - WARNING - ❌ No match found
2025-11-04 15:27:34,301 - __main__ - INFO - 🔍 Looking for: date=2025-11-01, home=Burnley, away=Arsenal
2025-11-04 15:27:34,314 - __main__ - INFO - 🔍 Rows with matching date: 0
2025-11-04 15:27:34,319 - __main__ - INFO - 🔍 Rows with matching home team: 3
2025-11-04 15:27:34,325 - __main__ - INFO - 🔍 Rows with matching opponent: 2
2025-11-04 15:27:34,342 - __main__ - WARNING - ❌ No match found
2025-11-04 15:27:34,349 - __main__ - INFO - 🔍 Looking for: date=2025-11-01, home=Brighton, away=Leeds United
2025-11-04 15:27:34,365 - __main__ - INFO - 🔍 Rows with matching date: 0
2025-11-04 15:27:34,368 - __main__ - INFO - 🔍 Rows with matching home team: 3
2025-11-04 15:27:34,374 - __main__ - INFO - 🔍 Rows with matching opponent: 2
2025-11-04 15:27:34,396 - __main__ - WARNING - ❌ No match found
2025-11-04 15:27:34,397 - __main__ - INFO - ✅ Matched 0/10 predictions with results
2025-11-04 15:27:34,398 - __main__ - INFO - 
================================================================================
2025-11-04 15:27:34,398 - __main__ - INFO - CALCULATING ACCURACY METRICS
2025-11-04 15:27:34,399 - __main__ - INFO - ================================================================================
2025-11-04 15:27:34,510 - __main__ - INFO - 📊 Analyzing 9 matched predictions
2025-11-04 15:27:34,658 - __main__ - INFO - ⚽ Match Result (1X2): Accuracy=44.4%, Brier=0.205, F1=0.315
Traceback (most recent call last):
  File "/var/www/html/pyethone/pye_venv/lib/python3.13/site-packages/pandas/core/indexes/base.py", line 3812, in get_loc
    return self._engine.get_loc(casted_key)
           ~~~~~~~~~~~~~~~~~~~~^^^^^^^^^^^^
  File "pandas/_libs/index.pyx", line 167, in pandas._libs.index.IndexEngine.get_loc
  File "pandas/_libs/index.pyx", line 196, in pandas._libs.index.IndexEngine.get_loc
  File "pandas/_libs/hashtable_class_helper.pxi", line 7088, in pandas._libs.hashtable.PyObjectHashTable.get_item
  File "pandas/_libs/hashtable_class_helper.pxi", line 7096, in pandas._libs.hashtable.PyObjectHashTable.get_item
KeyError: 'total_goals'

The above exception was the direct cause of the following exception:

Traceback (most recent call last):
  File "/var/www/html/pyethone/scripts/bet2/python_api/collect_results.py", line 457, in <module>
    main()
    ~~~~^^
  File "/var/www/html/pyethone/scripts/bet2/python_api/collect_results.py", line 453, in main
    collector.collect_results(days_back=30)
    ~~~~~~~~~~~~~~~~~~~~~~~~~^^^^^^^^^^^^^^
  File "/var/www/html/pyethone/scripts/bet2/python_api/collect_results.py", line 80, in collect_results
    self.calculate_metrics()
    ~~~~~~~~~~~~~~~~~~~~~~^^
  File "/var/www/html/pyethone/scripts/bet2/python_api/collect_results.py", line 197, in calculate_metrics
    self._calculate_goals_metrics(df, threshold)
    ~~~~~~~~~~~~~~~~~~~~~~~~~~~~~^^^^^^^^^^^^^^^
  File "/var/www/html/pyethone/scripts/bet2/python_api/collect_results.py", line 281, in _calculate_goals_metrics
    valid['actual_over'] = (valid['total_goals'] > threshold).astype(int)
                            ~~~~~^^^^^^^^^^^^^^^
  File "/var/www/html/pyethone/pye_venv/lib/python3.13/site-packages/pandas/core/frame.py", line 4113, in __getitem__
    indexer = self.columns.get_loc(key)
  File "/var/www/html/pyethone/pye_venv/lib/python3.13/site-packages/pandas/core/indexes/base.py", line 3819, in get_loc
    raise KeyError(key) from err
KeyError: 'total_goals'

========================================
Results Collection Finished: Tue Nov  4 15:27:36 EET 2025
Exit Code: 0
========================================
