========================================
Results Collection Started: Tue Nov  4 14:43:15 EET 2025
========================================

2025-11-04 14:43:30,335 - __main__ - INFO - ================================================================================
2025-11-04 14:43:30,336 - __main__ - INFO - RESULTS COLLECTION STARTED
2025-11-04 14:43:30,336 - __main__ - INFO - ================================================================================
2025-11-04 14:43:30,350 - __main__ - INFO - 📊 Found 20 unmatched predictions
2025-11-04 14:43:30,355 - services.data_loader - INFO - Loading 3 seasons: ['2025-2026', '2024-2025', '2023-2024']
2025-11-04 14:43:30,356 - services.data_loader - INFO - Loading data from /var/www/html/pyethone/scripts/bet2/data/premier_league/2025-2026_all_teams.csv
2025-11-04 14:43:30,413 - services.data_loader - INFO - Loaded 180 rows from 2025-2026
2025-11-04 14:43:30,436 - services.data_loader - INFO - Validation passed for 2025-2026
2025-11-04 14:43:30,471 - services.data_loader - INFO - Loading data from /var/www/html/pyethone/scripts/bet2/data/premier_league/2024-2025_all_teams.csv
2025-11-04 14:43:30,588 - services.data_loader - INFO - Loaded 760 rows from 2024-2025
2025-11-04 14:43:30,607 - services.data_loader - INFO - Validation passed for 2024-2025
2025-11-04 14:43:30,630 - services.data_loader - INFO - Loading data from /var/www/html/pyethone/scripts/bet2/data/premier_league/2023-2024_all_teams.csv
2025-11-04 14:43:30,727 - services.data_loader - INFO - Loaded 760 rows from 2023-2024
2025-11-04 14:43:30,747 - services.data_loader - INFO - Validation passed for 2023-2024
2025-11-04 14:43:30,816 - services.data_loader - INFO - Combined dataset: 1700 rows across 3 seasons
2025-11-04 14:43:30,844 - __main__ - WARNING - ❌ No match found for Sunderland vs Everton on 2025-11-04
2025-11-04 14:43:30,864 - __main__ - WARNING - ❌ No match found for Manchester City vs Bournemouth on 2025-11-04
2025-11-04 14:43:30,883 - __main__ - WARNING - ❌ No match found for West Ham vs Newcastle Utd on 2025-11-02
2025-11-04 14:43:30,902 - __main__ - WARNING - ❌ No match found for Liverpool vs Aston Villa on 2025-11-01
2025-11-04 14:43:30,924 - __main__ - WARNING - ❌ No match found for Tottenham vs Chelsea on 2025-11-01
2025-11-04 14:43:30,944 - __main__ - WARNING - ❌ No match found for Nott'ham Forest vs Manchester Utd on 2025-11-01
2025-11-04 14:43:30,962 - __main__ - WARNING - ❌ No match found for Fulham vs Wolves on 2025-11-01
2025-11-04 14:43:30,982 - __main__ - WARNING - ❌ No match found for Crystal Palace vs Brentford on 2025-11-01
2025-11-04 14:43:31,002 - __main__ - WARNING - ❌ No match found for Burnley vs Arsenal on 2025-11-01
2025-11-04 14:43:31,023 - __main__ - WARNING - ❌ No match found for Brighton vs Leeds United on 2025-11-01
2025-11-04 14:43:31,061 - __main__ - WARNING - ❌ No match found for Leeds United vs West Ham on 2025-10-24
2025-11-04 14:43:31,094 - __main__ - WARNING - ❌ No match found for Chelsea vs Sunderland on 2025-10-25
2025-11-04 14:43:31,133 - __main__ - WARNING - ❌ No match found for Newcastle Utd vs Fulham on 2025-10-25
2025-11-04 14:43:31,177 - __main__ - WARNING - ❌ No match found for Manchester Utd vs Brighton on 2025-10-25
2025-11-04 14:43:31,251 - __main__ - WARNING - ❌ No match found for Brentford vs Liverpool on 2025-10-25
2025-11-04 14:43:31,284 - __main__ - WARNING - ❌ No match found for Arsenal vs Crystal Palace on 2025-10-26
2025-11-04 14:43:31,307 - __main__ - WARNING - ❌ No match found for Aston Villa vs Manchester City on 2025-10-26
2025-11-04 14:43:31,330 - __main__ - WARNING - ❌ No match found for Bournemouth vs Nott'ham Forest on 2025-10-26
2025-11-04 14:43:31,356 - __main__ - WARNING - ❌ No match found for Everton vs Tottenham on 2025-10-26
2025-11-04 14:43:31,377 - __main__ - WARNING - ❌ No match found for Wolves vs Burnley on 2025-10-26
2025-11-04 14:43:31,378 - __main__ - INFO - ✅ Matched 0/20 predictions with results
2025-11-04 14:43:31,380 - __main__ - INFO - 
================================================================================
2025-11-04 14:43:31,381 - __main__ - INFO - CALCULATING ACCURACY METRICS
2025-11-04 14:43:31,381 - __main__ - INFO - ================================================================================
2025-11-04 14:43:31,396 - __main__ - WARNING - ⚠️ No matched predictions found. Cannot calculate metrics.

========================================
Results Collection Finished: Tue Nov  4 14:43:32 EET 2025
Exit Code: 0
========================================
