========================================
Results Collection Started: Tue Oct 28 18:04:58 EET 2025
========================================

2025-10-28 18:05:03,667 - __main__ - INFO - ================================================================================
2025-10-28 18:05:03,668 - __main__ - INFO - RESULTS COLLECTION STARTED
2025-10-28 18:05:03,668 - __main__ - INFO - ================================================================================
2025-10-28 18:05:03,672 - __main__ - INFO - 📊 Found 10 unmatched predictions
2025-10-28 18:05:03,674 - services.data_loader - INFO - Loading 3 seasons: ['2025-2026', '2024-2025', '2023-2024']
2025-10-28 18:05:03,674 - services.data_loader - INFO - Loading data from /var/www/html/pyethone/scripts/bet2/data/premier_league/2025-2026_all_teams.csv
2025-10-28 18:05:03,697 - services.data_loader - INFO - Loaded 180 rows from 2025-2026
2025-10-28 18:05:03,708 - services.data_loader - INFO - Validation passed for 2025-2026
2025-10-28 18:05:03,724 - services.data_loader - INFO - Loading data from /var/www/html/pyethone/scripts/bet2/data/premier_league/2024-2025_all_teams.csv
2025-10-28 18:05:03,765 - services.data_loader - INFO - Loaded 760 rows from 2024-2025
2025-10-28 18:05:03,774 - services.data_loader - INFO - Validation passed for 2024-2025
2025-10-28 18:05:03,786 - services.data_loader - INFO - Loading data from /var/www/html/pyethone/scripts/bet2/data/premier_league/2023-2024_all_teams.csv
2025-10-28 18:05:03,832 - services.data_loader - INFO - Loaded 760 rows from 2023-2024
2025-10-28 18:05:03,841 - services.data_loader - INFO - Validation passed for 2023-2024
2025-10-28 18:05:03,876 - services.data_loader - INFO - Combined dataset: 1700 rows across 3 seasons
Traceback (most recent call last):
  File "/var/www/html/pyethone/pye_venv/lib/python3.13/site-packages/pandas/core/indexes/base.py", line 3812, in get_loc
    return self._engine.get_loc(casted_key)
           ~~~~~~~~~~~~~~~~~~~~^^^^^^^^^^^^
  File "pandas/_libs/index.pyx", line 167, in pandas._libs.index.IndexEngine.get_loc
  File "pandas/_libs/index.pyx", line 196, in pandas._libs.index.IndexEngine.get_loc
  File "pandas/_libs/hashtable_class_helper.pxi", line 7088, in pandas._libs.hashtable.PyObjectHashTable.get_item
  File "pandas/_libs/hashtable_class_helper.pxi", line 7096, in pandas._libs.hashtable.PyObjectHashTable.get_item
KeyError: 'Date'

The above exception was the direct cause of the following exception:

Traceback (most recent call last):
  File "/var/www/html/pyethone/scripts/bet2/python_api/collect_results.py", line 439, in <module>
    main()
    ~~~~^^
  File "/var/www/html/pyethone/scripts/bet2/python_api/collect_results.py", line 435, in main
    collector.collect_results(days_back=7)
    ~~~~~~~~~~~~~~~~~~~~~~~~~^^^^^^^^^^^^^
  File "/var/www/html/pyethone/scripts/bet2/python_api/collect_results.py", line 60, in collect_results
    df = df[df['Date'] >= cutoff_date].copy()
            ~~^^^^^^^^
  File "/var/www/html/pyethone/pye_venv/lib/python3.13/site-packages/pandas/core/frame.py", line 4113, in __getitem__
    indexer = self.columns.get_loc(key)
  File "/var/www/html/pyethone/pye_venv/lib/python3.13/site-packages/pandas/core/indexes/base.py", line 3819, in get_loc
    raise KeyError(key) from err
KeyError: 'Date'

========================================
Results Collection Finished: Tue Oct 28 18:05:04 EET 2025
Exit Code: 0
========================================
