========================================
Results Collection Started: Tue Nov  4 16:13:06 EET 2025
========================================

2025-11-04 16:13:16,892 - __main__ - INFO - ================================================================================
2025-11-04 16:13:16,893 - __main__ - INFO - RESULTS COLLECTION STARTED
2025-11-04 16:13:16,893 - __main__ - INFO - ================================================================================
2025-11-04 16:13:16,903 - __main__ - INFO - 📊 Found 10 unmatched predictions
2025-11-04 16:13:16,907 - services.data_loader - INFO - Loading 3 seasons: ['2025-2026', '2024-2025', '2023-2024']
2025-11-04 16:13:16,908 - services.data_loader - INFO - Loading data from /var/www/html/pyethone/scripts/bet2/data/premier_league/2025-2026_all_teams.csv
2025-11-04 16:13:16,970 - services.data_loader - INFO - Loaded 180 rows from 2025-2026
2025-11-04 16:13:17,004 - services.data_loader - INFO - Validation passed for 2025-2026
2025-11-04 16:13:17,069 - services.data_loader - INFO - Loading data from /var/www/html/pyethone/scripts/bet2/data/premier_league/2024-2025_all_teams.csv
2025-11-04 16:13:17,308 - services.data_loader - INFO - Loaded 760 rows from 2024-2025
2025-11-04 16:13:17,399 - services.data_loader - INFO - Validation passed for 2024-2025
2025-11-04 16:13:17,437 - services.data_loader - INFO - Loading data from /var/www/html/pyethone/scripts/bet2/data/premier_league/2023-2024_all_teams.csv
2025-11-04 16:13:17,544 - services.data_loader - INFO - Loaded 760 rows from 2023-2024
2025-11-04 16:13:17,566 - services.data_loader - INFO - Validation passed for 2023-2024
2025-11-04 16:13:17,692 - services.data_loader - INFO - Combined dataset: 1700 rows across 3 seasons
2025-11-04 16:13:17,736 - __main__ - INFO - 🔍 Looking for: date=2025-11-03, home=Sunderland, away=Everton
2025-11-04 16:13:17,770 - __main__ - INFO - 🔍 Rows with matching date: 0
2025-11-04 16:13:17,807 - __main__ - INFO - 🔍 Rows with matching home team: 2
2025-11-04 16:13:17,813 - __main__ - INFO - 🔍 Rows with matching opponent: 3
2025-11-04 16:13:17,866 - __main__ - WARNING - ❌ No match found
2025-11-04 16:13:17,870 - __main__ - INFO - 🔍 Looking for: date=2025-11-02, home=Manchester City, away=Bournemouth
2025-11-04 16:13:17,915 - __main__ - INFO - 🔍 Rows with matching date: 0
2025-11-04 16:13:17,920 - __main__ - INFO - 🔍 Rows with matching home team: 3
2025-11-04 16:13:17,924 - __main__ - INFO - 🔍 Rows with matching opponent: 2
2025-11-04 16:13:17,939 - __main__ - WARNING - ❌ No match found
2025-11-04 16:13:17,941 - __main__ - INFO - 🔍 Looking for: date=2025-11-02, home=West Ham, away=Newcastle Utd
2025-11-04 16:13:17,960 - __main__ - INFO - 🔍 Rows with matching date: 0
2025-11-04 16:13:17,970 - __main__ - INFO - 🔍 Rows with matching home team: 2
2025-11-04 16:13:17,976 - __main__ - INFO - 🔍 Rows with matching opponent: 3
2025-11-04 16:13:17,990 - __main__ - WARNING - ❌ No match found
2025-11-04 16:13:17,992 - __main__ - INFO - 🔍 Looking for: date=2025-11-01, home=Liverpool, away=Aston Villa
2025-11-04 16:13:18,011 - __main__ - INFO - 🔍 Rows with matching date: 0
2025-11-04 16:13:18,017 - __main__ - INFO - 🔍 Rows with matching home team: 2
2025-11-04 16:13:18,022 - __main__ - INFO - 🔍 Rows with matching opponent: 3
2025-11-04 16:13:18,039 - __main__ - WARNING - ❌ No match found
2025-11-04 16:13:18,042 - __main__ - INFO - 🔍 Looking for: date=2025-11-01, home=Tottenham, away=Chelsea
2025-11-04 16:13:18,061 - __main__ - INFO - 🔍 Rows with matching date: 0
2025-11-04 16:13:18,066 - __main__ - INFO - 🔍 Rows with matching home team: 2
2025-11-04 16:13:18,071 - __main__ - INFO - 🔍 Rows with matching opponent: 2
2025-11-04 16:13:18,086 - __main__ - WARNING - ❌ No match found
2025-11-04 16:13:18,102 - __main__ - INFO - 🔍 Looking for: date=2025-11-01, home=Nott'ham Forest, away=Manchester Utd
2025-11-04 16:13:18,135 - __main__ - INFO - 🔍 Rows with matching date: 0
2025-11-04 16:13:18,140 - __main__ - INFO - 🔍 Rows with matching home team: 3
2025-11-04 16:13:18,148 - __main__ - INFO - 🔍 Rows with matching opponent: 2
2025-11-04 16:13:18,169 - __main__ - WARNING - ❌ No match found
2025-11-04 16:13:18,173 - __main__ - INFO - 🔍 Looking for: date=2025-11-01, home=Fulham, away=Wolves
2025-11-04 16:13:18,187 - __main__ - INFO - 🔍 Rows with matching date: 0
2025-11-04 16:13:18,192 - __main__ - INFO - 🔍 Rows with matching home team: 2
2025-11-04 16:13:18,206 - __main__ - INFO - 🔍 Rows with matching opponent: 3
2025-11-04 16:13:18,245 - __main__ - WARNING - ❌ No match found
2025-11-04 16:13:18,258 - __main__ - INFO - 🔍 Looking for: date=2025-11-01, home=Crystal Palace, away=Brentford
2025-11-04 16:13:18,313 - __main__ - INFO - 🔍 Rows with matching date: 0
2025-11-04 16:13:18,325 - __main__ - INFO - 🔍 Rows with matching home team: 3
2025-11-04 16:13:18,334 - __main__ - INFO - 🔍 Rows with matching opponent: 3
2025-11-04 16:13:18,361 - __main__ - WARNING - ❌ No match found
2025-11-04 16:13:18,367 - __main__ - INFO - 🔍 Looking for: date=2025-11-01, home=Burnley, away=Arsenal
2025-11-04 16:13:18,397 - __main__ - INFO - 🔍 Rows with matching date: 0
2025-11-04 16:13:18,405 - __main__ - INFO - 🔍 Rows with matching home team: 3
2025-11-04 16:13:18,417 - __main__ - INFO - 🔍 Rows with matching opponent: 2
2025-11-04 16:13:18,445 - __main__ - WARNING - ❌ No match found
2025-11-04 16:13:18,458 - __main__ - INFO - 🔍 Looking for: date=2025-11-01, home=Brighton, away=Leeds United
2025-11-04 16:13:18,511 - __main__ - INFO - 🔍 Rows with matching date: 0
2025-11-04 16:13:18,524 - __main__ - INFO - 🔍 Rows with matching home team: 3
2025-11-04 16:13:18,533 - __main__ - INFO - 🔍 Rows with matching opponent: 2
2025-11-04 16:13:18,546 - __main__ - WARNING - ❌ No match found
2025-11-04 16:13:18,547 - __main__ - INFO - ✅ Matched 0/10 predictions with results
2025-11-04 16:13:18,549 - __main__ - INFO - 
================================================================================
2025-11-04 16:13:18,549 - __main__ - INFO - CALCULATING ACCURACY METRICS
2025-11-04 16:13:18,550 - __main__ - INFO - ================================================================================
2025-11-04 16:13:18,588 - __main__ - INFO - 📊 Analyzing 9 matched predictions
Traceback (most recent call last):
  File "/var/www/html/pyethone/pye_venv/lib/python3.13/site-packages/pandas/core/indexes/base.py", line 3812, in get_loc
    return self._engine.get_loc(casted_key)
           ~~~~~~~~~~~~~~~~~~~~^^^^^^^^^^^^
  File "pandas/_libs/index.pyx", line 167, in pandas._libs.index.IndexEngine.get_loc
  File "pandas/_libs/index.pyx", line 196, in pandas._libs.index.IndexEngine.get_loc
  File "pandas/_libs/hashtable_class_helper.pxi", line 7088, in pandas._libs.hashtable.PyObjectHashTable.get_item
  File "pandas/_libs/hashtable_class_helper.pxi", line 7096, in pandas._libs.hashtable.PyObjectHashTable.get_item
KeyError: 'goals_home'

The above exception was the direct cause of the following exception:

Traceback (most recent call last):
  File "/var/www/html/pyethone/scripts/bet2/python_api/collect_results.py", line 424, in <module>
    main()
    ~~~~^^
  File "/var/www/html/pyethone/scripts/bet2/python_api/collect_results.py", line 420, in main
    collector.collect_results(days_back=30)
    ~~~~~~~~~~~~~~~~~~~~~~~~~^^^^^^^^^^^^^^
  File "/var/www/html/pyethone/scripts/bet2/python_api/collect_results.py", line 67, in collect_results
    self.calculate_metrics()
    ~~~~~~~~~~~~~~~~~~~~~~^^
  File "/var/www/html/pyethone/scripts/bet2/python_api/collect_results.py", line 167, in calculate_metrics
    matched_df = df[(df['actual_result'].notna()) & (df['goals_home'].notna())].copy()
                                                     ~~^^^^^^^^^^^^^^
  File "/var/www/html/pyethone/pye_venv/lib/python3.13/site-packages/pandas/core/frame.py", line 4113, in __getitem__
    indexer = self.columns.get_loc(key)
  File "/var/www/html/pyethone/pye_venv/lib/python3.13/site-packages/pandas/core/indexes/base.py", line 3819, in get_loc
    raise KeyError(key) from err
KeyError: 'goals_home'

========================================
Results Collection Finished: Tue Nov  4 16:13:19 EET 2025
Exit Code: 0
========================================
