========================================
Results Collection Started: Tue Nov  4 16:15:40 EET 2025
========================================

2025-11-04 16:15:55,745 - __main__ - INFO - ================================================================================
2025-11-04 16:15:55,745 - __main__ - INFO - RESULTS COLLECTION STARTED
2025-11-04 16:15:55,746 - __main__ - INFO - ================================================================================
2025-11-04 16:15:55,756 - __main__ - INFO - 📊 Found 10 unmatched predictions
2025-11-04 16:15:55,759 - services.data_loader - INFO - Loading 3 seasons: ['2025-2026', '2024-2025', '2023-2024']
2025-11-04 16:15:55,760 - services.data_loader - INFO - Loading data from /var/www/html/pyethone/scripts/bet2/data/premier_league/2025-2026_all_teams.csv
2025-11-04 16:15:55,816 - services.data_loader - INFO - Loaded 180 rows from 2025-2026
2025-11-04 16:15:55,838 - services.data_loader - INFO - Validation passed for 2025-2026
2025-11-04 16:15:55,871 - services.data_loader - INFO - Loading data from /var/www/html/pyethone/scripts/bet2/data/premier_league/2024-2025_all_teams.csv
2025-11-04 16:15:55,970 - services.data_loader - INFO - Loaded 760 rows from 2024-2025
2025-11-04 16:15:55,981 - services.data_loader - INFO - Validation passed for 2024-2025
2025-11-04 16:15:55,990 - services.data_loader - INFO - Loading data from /var/www/html/pyethone/scripts/bet2/data/premier_league/2023-2024_all_teams.csv
2025-11-04 16:15:56,034 - services.data_loader - INFO - Loaded 760 rows from 2023-2024
2025-11-04 16:15:56,042 - services.data_loader - INFO - Validation passed for 2023-2024
2025-11-04 16:15:56,100 - services.data_loader - INFO - Combined dataset: 1700 rows across 3 seasons
2025-11-04 16:15:56,112 - __main__ - INFO - 🔍 Looking for: date=2025-11-03, home=Sunderland, away=Everton
2025-11-04 16:15:56,125 - __main__ - INFO - 🔍 Rows with matching date: 0
2025-11-04 16:15:56,128 - __main__ - INFO - 🔍 Rows with matching home team: 2
2025-11-04 16:15:56,133 - __main__ - INFO - 🔍 Rows with matching opponent: 3
2025-11-04 16:15:56,147 - __main__ - WARNING - ❌ No match found
2025-11-04 16:15:56,150 - __main__ - INFO - 🔍 Looking for: date=2025-11-02, home=Manchester City, away=Bournemouth
2025-11-04 16:15:56,162 - __main__ - INFO - 🔍 Rows with matching date: 0
2025-11-04 16:15:56,167 - __main__ - INFO - 🔍 Rows with matching home team: 3
2025-11-04 16:15:56,171 - __main__ - INFO - 🔍 Rows with matching opponent: 2
2025-11-04 16:15:56,186 - __main__ - WARNING - ❌ No match found
2025-11-04 16:15:56,190 - __main__ - INFO - 🔍 Looking for: date=2025-11-02, home=West Ham, away=Newcastle Utd
2025-11-04 16:15:56,206 - __main__ - INFO - 🔍 Rows with matching date: 0
2025-11-04 16:15:56,210 - __main__ - INFO - 🔍 Rows with matching home team: 2
2025-11-04 16:15:56,215 - __main__ - INFO - 🔍 Rows with matching opponent: 3
2025-11-04 16:15:56,232 - __main__ - WARNING - ❌ No match found
2025-11-04 16:15:56,237 - __main__ - INFO - 🔍 Looking for: date=2025-11-01, home=Liverpool, away=Aston Villa
2025-11-04 16:15:56,251 - __main__ - INFO - 🔍 Rows with matching date: 0
2025-11-04 16:15:56,255 - __main__ - INFO - 🔍 Rows with matching home team: 2
2025-11-04 16:15:56,258 - __main__ - INFO - 🔍 Rows with matching opponent: 3
2025-11-04 16:15:56,270 - __main__ - WARNING - ❌ No match found
2025-11-04 16:15:56,272 - __main__ - INFO - 🔍 Looking for: date=2025-11-01, home=Tottenham, away=Chelsea
2025-11-04 16:15:56,289 - __main__ - INFO - 🔍 Rows with matching date: 0
2025-11-04 16:15:56,292 - __main__ - INFO - 🔍 Rows with matching home team: 2
2025-11-04 16:15:56,295 - __main__ - INFO - 🔍 Rows with matching opponent: 2
2025-11-04 16:15:56,312 - __main__ - WARNING - ❌ No match found
2025-11-04 16:15:56,315 - __main__ - INFO - 🔍 Looking for: date=2025-11-01, home=Nott'ham Forest, away=Manchester Utd
2025-11-04 16:15:56,331 - __main__ - INFO - 🔍 Rows with matching date: 0
2025-11-04 16:15:56,335 - __main__ - INFO - 🔍 Rows with matching home team: 3
2025-11-04 16:15:56,342 - __main__ - INFO - 🔍 Rows with matching opponent: 2
2025-11-04 16:15:56,357 - __main__ - WARNING - ❌ No match found
2025-11-04 16:15:56,360 - __main__ - INFO - 🔍 Looking for: date=2025-11-01, home=Fulham, away=Wolves
2025-11-04 16:15:56,375 - __main__ - INFO - 🔍 Rows with matching date: 0
2025-11-04 16:15:56,379 - __main__ - INFO - 🔍 Rows with matching home team: 2
2025-11-04 16:15:56,386 - __main__ - INFO - 🔍 Rows with matching opponent: 3
2025-11-04 16:15:56,419 - __main__ - WARNING - ❌ No match found
2025-11-04 16:15:56,422 - __main__ - INFO - 🔍 Looking for: date=2025-11-01, home=Crystal Palace, away=Brentford
2025-11-04 16:15:56,435 - __main__ - INFO - 🔍 Rows with matching date: 0
2025-11-04 16:15:56,442 - __main__ - INFO - 🔍 Rows with matching home team: 3
2025-11-04 16:15:56,451 - __main__ - INFO - 🔍 Rows with matching opponent: 3
2025-11-04 16:15:56,472 - __main__ - WARNING - ❌ No match found
2025-11-04 16:15:56,474 - __main__ - INFO - 🔍 Looking for: date=2025-11-01, home=Burnley, away=Arsenal
2025-11-04 16:15:56,533 - __main__ - INFO - 🔍 Rows with matching date: 0
2025-11-04 16:15:56,538 - __main__ - INFO - 🔍 Rows with matching home team: 3
2025-11-04 16:15:56,551 - __main__ - INFO - 🔍 Rows with matching opponent: 2
2025-11-04 16:15:56,572 - __main__ - WARNING - ❌ No match found
2025-11-04 16:15:56,575 - __main__ - INFO - 🔍 Looking for: date=2025-11-01, home=Brighton, away=Leeds United
2025-11-04 16:15:56,595 - __main__ - INFO - 🔍 Rows with matching date: 0
2025-11-04 16:15:56,613 - __main__ - INFO - 🔍 Rows with matching home team: 3
2025-11-04 16:15:56,620 - __main__ - INFO - 🔍 Rows with matching opponent: 2
2025-11-04 16:15:56,638 - __main__ - WARNING - ❌ No match found
2025-11-04 16:15:56,640 - __main__ - INFO - ✅ Matched 0/10 predictions with results
2025-11-04 16:15:56,641 - __main__ - INFO - 
================================================================================
2025-11-04 16:15:56,641 - __main__ - INFO - CALCULATING ACCURACY METRICS
2025-11-04 16:15:56,642 - __main__ - INFO - ================================================================================
2025-11-04 16:15:56,671 - __main__ - INFO - 📊 Analyzing 9 matched predictions
2025-11-04 16:15:56,675 - __main__ - INFO - 📊 Found 9 predictions with results
2025-11-04 16:15:56,777 - __main__ - INFO - ⚽ Match Result (1X2): Accuracy=44.4%, Brier=0.205, F1=0.315
Traceback (most recent call last):
  File "/var/www/html/pyethone/pye_venv/lib/python3.13/site-packages/pandas/core/indexes/base.py", line 3812, in get_loc
    return self._engine.get_loc(casted_key)
           ~~~~~~~~~~~~~~~~~~~~^^^^^^^^^^^^
  File "pandas/_libs/index.pyx", line 167, in pandas._libs.index.IndexEngine.get_loc
  File "pandas/_libs/index.pyx", line 196, in pandas._libs.index.IndexEngine.get_loc
  File "pandas/_libs/hashtable_class_helper.pxi", line 7088, in pandas._libs.hashtable.PyObjectHashTable.get_item
  File "pandas/_libs/hashtable_class_helper.pxi", line 7096, in pandas._libs.hashtable.PyObjectHashTable.get_item
KeyError: 'btts_actual'

The above exception was the direct cause of the following exception:

Traceback (most recent call last):
  File "/var/www/html/pyethone/scripts/bet2/python_api/collect_results.py", line 416, in <module>
    main()
    ~~~~^^
  File "/var/www/html/pyethone/scripts/bet2/python_api/collect_results.py", line 412, in main
    collector.collect_results(days_back=30)
    ~~~~~~~~~~~~~~~~~~~~~~~~~^^^^^^^^^^^^^^
  File "/var/www/html/pyethone/scripts/bet2/python_api/collect_results.py", line 67, in collect_results
    self.calculate_metrics()
    ~~~~~~~~~~~~~~~~~~~~~~^^
  File "/var/www/html/pyethone/scripts/bet2/python_api/collect_results.py", line 180, in calculate_metrics
    self._calculate_btts_metrics(matched_df)
    ~~~~~~~~~~~~~~~~~~~~~~~~~~~~^^^^^^^^^^^^
  File "/var/www/html/pyethone/scripts/bet2/python_api/collect_results.py", line 289, in _calculate_btts_metrics
    valid['actual_btts_binary'] = (valid['btts_actual'] == 'Yes').astype(int)
                                   ~~~~~^^^^^^^^^^^^^^^
  File "/var/www/html/pyethone/pye_venv/lib/python3.13/site-packages/pandas/core/frame.py", line 4113, in __getitem__
    indexer = self.columns.get_loc(key)
  File "/var/www/html/pyethone/pye_venv/lib/python3.13/site-packages/pandas/core/indexes/base.py", line 3819, in get_loc
    raise KeyError(key) from err
KeyError: 'btts_actual'

========================================
Results Collection Finished: Tue Nov  4 16:15:58 EET 2025
Exit Code: 0
========================================
