========================================
Results Collection Started: Tue Nov  4 15:02:19 EET 2025
========================================

2025-11-04 15:02:24,965 - __main__ - INFO - ================================================================================
2025-11-04 15:02:24,965 - __main__ - INFO - RESULTS COLLECTION STARTED
2025-11-04 15:02:24,966 - __main__ - INFO - ================================================================================
2025-11-04 15:02:24,971 - __main__ - INFO - 📊 Found 10 unmatched predictions
2025-11-04 15:02:24,972 - services.data_loader - INFO - Loading 3 seasons: ['2025-2026', '2024-2025', '2023-2024']
2025-11-04 15:02:24,973 - services.data_loader - INFO - Loading data from /var/www/html/pyethone/scripts/bet2/data/premier_league/2025-2026_all_teams.csv
2025-11-04 15:02:24,997 - services.data_loader - INFO - Loaded 180 rows from 2025-2026
2025-11-04 15:02:25,008 - services.data_loader - INFO - Validation passed for 2025-2026
2025-11-04 15:02:25,024 - services.data_loader - INFO - Loading data from /var/www/html/pyethone/scripts/bet2/data/premier_league/2024-2025_all_teams.csv
2025-11-04 15:02:25,072 - services.data_loader - INFO - Loaded 760 rows from 2024-2025
2025-11-04 15:02:25,082 - services.data_loader - INFO - Validation passed for 2024-2025
2025-11-04 15:02:25,094 - services.data_loader - INFO - Loading data from /var/www/html/pyethone/scripts/bet2/data/premier_league/2023-2024_all_teams.csv
2025-11-04 15:02:25,141 - services.data_loader - INFO - Loaded 760 rows from 2023-2024
2025-11-04 15:02:25,152 - services.data_loader - INFO - Validation passed for 2023-2024
2025-11-04 15:02:25,193 - services.data_loader - INFO - Combined dataset: 1700 rows across 3 seasons
2025-11-04 15:02:25,200 - __main__ - INFO - 🔍 Looking for: date=2025-11-04, home=Sunderland, away=Everton
2025-11-04 15:02:25,208 - __main__ - INFO - 🔍 Rows with matching date: 0
2025-11-04 15:02:25,209 - __main__ - INFO - 🔍 Rows with matching home team: 2
2025-11-04 15:02:25,212 - __main__ - INFO - 🔍 Rows with matching opponent: 3
2025-11-04 15:02:25,227 - __main__ - WARNING - ❌ No match found
2025-11-04 15:02:25,237 - __main__ - INFO - 🔍 Looking for: date=2025-11-04, home=Manchester City, away=Bournemouth
2025-11-04 15:02:25,248 - __main__ - INFO - 🔍 Rows with matching date: 0
2025-11-04 15:02:25,252 - __main__ - INFO - 🔍 Rows with matching home team: 3
2025-11-04 15:02:25,254 - __main__ - INFO - 🔍 Rows with matching opponent: 2
2025-11-04 15:02:25,262 - __main__ - WARNING - ❌ No match found
2025-11-04 15:02:25,263 - __main__ - INFO - 🔍 Looking for: date=2025-11-02, home=West Ham, away=Newcastle Utd
2025-11-04 15:02:25,275 - __main__ - INFO - 🔍 Rows with matching date: 0
2025-11-04 15:02:25,278 - __main__ - INFO - 🔍 Rows with matching home team: 2
2025-11-04 15:02:25,281 - __main__ - INFO - 🔍 Rows with matching opponent: 3
2025-11-04 15:02:25,289 - __main__ - WARNING - ❌ No match found
2025-11-04 15:02:25,290 - __main__ - INFO - 🔍 Looking for: date=2025-11-01, home=Liverpool, away=Aston Villa
2025-11-04 15:02:25,298 - __main__ - INFO - 🔍 Rows with matching date: 0
2025-11-04 15:02:25,300 - __main__ - INFO - 🔍 Rows with matching home team: 2
2025-11-04 15:02:25,302 - __main__ - INFO - 🔍 Rows with matching opponent: 3
2025-11-04 15:02:25,312 - __main__ - WARNING - ❌ No match found
2025-11-04 15:02:25,313 - __main__ - INFO - 🔍 Looking for: date=2025-11-01, home=Tottenham, away=Chelsea
2025-11-04 15:02:25,324 - __main__ - INFO - 🔍 Rows with matching date: 0
2025-11-04 15:02:25,326 - __main__ - INFO - 🔍 Rows with matching home team: 2
2025-11-04 15:02:25,328 - __main__ - INFO - 🔍 Rows with matching opponent: 2
2025-11-04 15:02:25,335 - __main__ - WARNING - ❌ No match found
2025-11-04 15:02:25,337 - __main__ - INFO - 🔍 Looking for: date=2025-11-01, home=Nott'ham Forest, away=Manchester Utd
2025-11-04 15:02:25,345 - __main__ - INFO - 🔍 Rows with matching date: 0
2025-11-04 15:02:25,347 - __main__ - INFO - 🔍 Rows with matching home team: 3
2025-11-04 15:02:25,349 - __main__ - INFO - 🔍 Rows with matching opponent: 2
2025-11-04 15:02:25,355 - __main__ - WARNING - ❌ No match found
2025-11-04 15:02:25,356 - __main__ - INFO - 🔍 Looking for: date=2025-11-01, home=Fulham, away=Wolves
2025-11-04 15:02:25,363 - __main__ - INFO - 🔍 Rows with matching date: 0
2025-11-04 15:02:25,366 - __main__ - INFO - 🔍 Rows with matching home team: 2
2025-11-04 15:02:25,367 - __main__ - INFO - 🔍 Rows with matching opponent: 3
2025-11-04 15:02:25,374 - __main__ - WARNING - ❌ No match found
2025-11-04 15:02:25,375 - __main__ - INFO - 🔍 Looking for: date=2025-11-01, home=Crystal Palace, away=Brentford
2025-11-04 15:02:25,380 - __main__ - INFO - 🔍 Rows with matching date: 0
2025-11-04 15:02:25,383 - __main__ - INFO - 🔍 Rows with matching home team: 3
2025-11-04 15:02:25,386 - __main__ - INFO - 🔍 Rows with matching opponent: 3
2025-11-04 15:02:25,392 - __main__ - WARNING - ❌ No match found
2025-11-04 15:02:25,393 - __main__ - INFO - 🔍 Looking for: date=2025-11-01, home=Burnley, away=Arsenal
2025-11-04 15:02:25,403 - __main__ - INFO - 🔍 Rows with matching date: 0
2025-11-04 15:02:25,405 - __main__ - INFO - 🔍 Rows with matching home team: 3
2025-11-04 15:02:25,407 - __main__ - INFO - 🔍 Rows with matching opponent: 2
2025-11-04 15:02:25,415 - __main__ - WARNING - ❌ No match found
2025-11-04 15:02:25,416 - __main__ - INFO - 🔍 Looking for: date=2025-11-01, home=Brighton, away=Leeds United
2025-11-04 15:02:25,422 - __main__ - INFO - 🔍 Rows with matching date: 0
2025-11-04 15:02:25,425 - __main__ - INFO - 🔍 Rows with matching home team: 3
2025-11-04 15:02:25,427 - __main__ - INFO - 🔍 Rows with matching opponent: 2
2025-11-04 15:02:25,432 - __main__ - WARNING - ❌ No match found
2025-11-04 15:02:25,433 - __main__ - INFO - ✅ Matched 0/10 predictions with results
2025-11-04 15:02:25,433 - __main__ - INFO - 
================================================================================
2025-11-04 15:02:25,433 - __main__ - INFO - CALCULATING ACCURACY METRICS
2025-11-04 15:02:25,433 - __main__ - INFO - ================================================================================
2025-11-04 15:02:25,448 - __main__ - INFO - 📊 Analyzing 11 matched predictions
2025-11-04 15:02:25,453 - __main__ - WARNING - ⚠️ No valid match results to calculate metrics
/var/www/html/pyethone/pye_venv/lib/python3.13/site-packages/sklearn/metrics/_ranking.py:424: UndefinedMetricWarning: Only one class is present in y_true. ROC AUC score is not defined in that case.
  warnings.warn(
Traceback (most recent call last):
  File "/var/www/html/pyethone/scripts/bet2/python_api/collect_results.py", line 454, in <module>
    main()
    ~~~~^^
  File "/var/www/html/pyethone/scripts/bet2/python_api/collect_results.py", line 450, in main
    collector.collect_results(days_back=30)
    ~~~~~~~~~~~~~~~~~~~~~~~~~^^^^^^^^^^^^^^
  File "/var/www/html/pyethone/scripts/bet2/python_api/collect_results.py", line 80, in collect_results
    self.calculate_metrics()
    ~~~~~~~~~~~~~~~~~~~~~~^^
  File "/var/www/html/pyethone/scripts/bet2/python_api/collect_results.py", line 197, in calculate_metrics
    self._calculate_goals_metrics(df, threshold)
    ~~~~~~~~~~~~~~~~~~~~~~~~~~~~~^^^^^^^^^^^^^^^
  File "/var/www/html/pyethone/scripts/bet2/python_api/collect_results.py", line 312, in _calculate_goals_metrics
    f"⚽ Goals O/U {threshold}: Accuracy={accuracy:.1f}%, Brier={brier:.3f}, AUC={roc_auc:.3f if roc_auc else 'N/A'}")
                                                                                 ^^^^^^^^^^^^^^^^^^^^^^^^^^^^^^^^^^^
ValueError: Invalid format specifier '.3f if roc_auc else 'N/A'' for object of type 'float'

========================================
Results Collection Finished: Tue Nov  4 15:02:26 EET 2025
Exit Code: 0
========================================
