========================================
Results Collection Started: Tue Nov  4 17:54:55 EET 2025
========================================

2025-11-04 17:55:07,134 - __main__ - INFO - ================================================================================
2025-11-04 17:55:07,135 - __main__ - INFO - RESULTS COLLECTION STARTED
2025-11-04 17:55:07,135 - __main__ - INFO - ================================================================================
2025-11-04 17:55:07,147 - __main__ - INFO - 📊 Found 10 unmatched predictions
2025-11-04 17:55:07,149 - services.data_loader - INFO - Loading 3 seasons: ['2025-2026', '2024-2025', '2023-2024']
2025-11-04 17:55:07,150 - services.data_loader - INFO - Loading data from /var/www/html/pyethone/scripts/bet2/data/premier_league/2025-2026_all_teams.csv
2025-11-04 17:55:07,197 - services.data_loader - INFO - Loaded 180 rows from 2025-2026
2025-11-04 17:55:07,225 - services.data_loader - INFO - Validation passed for 2025-2026
2025-11-04 17:55:07,264 - services.data_loader - INFO - Loading data from /var/www/html/pyethone/scripts/bet2/data/premier_league/2024-2025_all_teams.csv
2025-11-04 17:55:07,392 - services.data_loader - INFO - Loaded 760 rows from 2024-2025
2025-11-04 17:55:07,415 - services.data_loader - INFO - Validation passed for 2024-2025
2025-11-04 17:55:07,443 - services.data_loader - INFO - Loading data from /var/www/html/pyethone/scripts/bet2/data/premier_league/2023-2024_all_teams.csv
2025-11-04 17:55:07,550 - services.data_loader - INFO - Loaded 760 rows from 2023-2024
2025-11-04 17:55:07,569 - services.data_loader - INFO - Validation passed for 2023-2024
2025-11-04 17:55:07,646 - services.data_loader - INFO - Combined dataset: 1700 rows across 3 seasons
2025-11-04 17:55:07,662 - __main__ - INFO - 📊 Loaded 0 recent matches from CSV (after 2025-10-28)
2025-11-04 17:55:07,716 - __main__ - WARNING - ⚠️  No match found for Sunderland vs Everton on 2025-11-03
2025-11-04 17:55:07,759 - __main__ - WARNING - ⚠️  No match found for Manchester City vs Bournemouth on 2025-11-02
2025-11-04 17:55:07,800 - __main__ - WARNING - ⚠️  No match found for West Ham vs Newcastle Utd on 2025-11-02
2025-11-04 17:55:07,859 - __main__ - WARNING - ⚠️  No match found for Liverpool vs Aston Villa on 2025-11-01
2025-11-04 17:55:07,917 - __main__ - WARNING - ⚠️  No match found for Tottenham vs Chelsea on 2025-11-01
2025-11-04 17:55:07,959 - __main__ - WARNING - ⚠️  No match found for Nott'ham Forest vs Manchester Utd on 2025-11-01
2025-11-04 17:55:07,998 - __main__ - WARNING - ⚠️  No match found for Fulham vs Wolves on 2025-11-01
2025-11-04 17:55:08,040 - __main__ - WARNING - ⚠️  No match found for Crystal Palace vs Brentford on 2025-11-01
2025-11-04 17:55:08,139 - __main__ - WARNING - ⚠️  No match found for Burnley vs Arsenal on 2025-11-01
2025-11-04 17:55:08,215 - __main__ - WARNING - ⚠️  No match found for Brighton vs Leeds United on 2025-11-01
2025-11-04 17:55:08,216 - __main__ - INFO - ✅ Matched 0/10 predictions with results
2025-11-04 17:55:08,216 - __main__ - INFO - 
================================================================================
2025-11-04 17:55:08,217 - __main__ - INFO - CALCULATING ACCURACY METRICS
2025-11-04 17:55:08,217 - __main__ - INFO - ================================================================================
2025-11-04 17:55:08,276 - __main__ - INFO - 📊 Analyzing 9 matched predictions
2025-11-04 17:55:08,281 - __main__ - INFO - 📊 Data available - Goals: True, BTTS: True, Cards: True
2025-11-04 17:55:08,299 - __main__ - INFO - 📊 Found 9 predictions with results
Traceback (most recent call last):
  File "/var/www/html/pyethone/scripts/bet2/python_api/collect_results.py", line 453, in <module>
    main()
    ~~~~^^
  File "/var/www/html/pyethone/scripts/bet2/python_api/collect_results.py", line 449, in main
    collector.collect_results(days_back=7)
    ~~~~~~~~~~~~~~~~~~~~~~~~~^^^^^^^^^^^^^
  File "/var/www/html/pyethone/scripts/bet2/python_api/collect_results.py", line 81, in collect_results
    self.calculate_metrics()
    ~~~~~~~~~~~~~~~~~~~~~~^^
  File "/var/www/html/pyethone/scripts/bet2/python_api/collect_results.py", line 214, in calculate_metrics
    self._calculate_match_result_metrics(df)
    ~~~~~~~~~~~~~~~~~~~~~~~~~~~~~~~~~~~~^^^^
  File "/var/www/html/pyethone/scripts/bet2/python_api/collect_results.py", line 287, in _calculate_match_result_metrics
    logger.info(f"⚽ Match Result (1X2): Accuracy={accuracy:.1f}%, Brier={brier_avg:.3f if brier_avg else 'N/A'}, F1={f1:.3f if f1 else 'N/A'}")
                                                                         ^^^^^^^^^^^^^^^^^^^^^^^^^^^^^^^^^^^^^^^
ValueError: Invalid format specifier '.3f if brier_avg else 'N/A'' for object of type 'float'

========================================
Results Collection Finished: Tue Nov  4 17:55:09 EET 2025
Exit Code: 0
========================================
