========================================
Results Collection Started: Tue Nov  4 14:20:37 EET 2025
========================================

2025-11-04 14:20:43,686 - __main__ - INFO - ================================================================================
2025-11-04 14:20:43,686 - __main__ - INFO - RESULTS COLLECTION STARTED
2025-11-04 14:20:43,687 - __main__ - INFO - ================================================================================
2025-11-04 14:20:43,704 - __main__ - INFO - 📊 Found 20 unmatched predictions
2025-11-04 14:20:43,711 - services.data_loader - INFO - Loading 3 seasons: ['2025-2026', '2024-2025', '2023-2024']
2025-11-04 14:20:43,714 - services.data_loader - INFO - Loading data from /var/www/html/pyethone/scripts/bet2/data/premier_league/2025-2026_all_teams.csv
2025-11-04 14:20:43,813 - services.data_loader - INFO - Loaded 180 rows from 2025-2026
2025-11-04 14:20:43,855 - services.data_loader - INFO - Validation passed for 2025-2026
2025-11-04 14:20:43,892 - services.data_loader - INFO - Loading data from /var/www/html/pyethone/scripts/bet2/data/premier_league/2024-2025_all_teams.csv
2025-11-04 14:20:44,016 - services.data_loader - INFO - Loaded 760 rows from 2024-2025
2025-11-04 14:20:44,044 - services.data_loader - INFO - Validation passed for 2024-2025
2025-11-04 14:20:44,076 - services.data_loader - INFO - Loading data from /var/www/html/pyethone/scripts/bet2/data/premier_league/2023-2024_all_teams.csv
2025-11-04 14:20:44,202 - services.data_loader - INFO - Loaded 760 rows from 2023-2024
2025-11-04 14:20:44,230 - services.data_loader - INFO - Validation passed for 2023-2024
2025-11-04 14:20:44,353 - services.data_loader - INFO - Combined dataset: 1700 rows across 3 seasons
Traceback (most recent call last):
  File "/var/www/html/pyethone/pye_venv/lib/python3.13/site-packages/pandas/core/indexes/base.py", line 3812, in get_loc
    return self._engine.get_loc(casted_key)
           ~~~~~~~~~~~~~~~~~~~~^^^^^^^^^^^^
  File "pandas/_libs/index.pyx", line 167, in pandas._libs.index.IndexEngine.get_loc
  File "pandas/_libs/index.pyx", line 196, in pandas._libs.index.IndexEngine.get_loc
  File "pandas/_libs/hashtable_class_helper.pxi", line 7088, in pandas._libs.hashtable.PyObjectHashTable.get_item
  File "pandas/_libs/hashtable_class_helper.pxi", line 7096, in pandas._libs.hashtable.PyObjectHashTable.get_item
KeyError: 'Team'

The above exception was the direct cause of the following exception:

Traceback (most recent call last):
  File "/var/www/html/pyethone/scripts/bet2/python_api/collect_results.py", line 439, in <module>
    main()
    ~~~~^^
  File "/var/www/html/pyethone/scripts/bet2/python_api/collect_results.py", line 435, in main
    collector.collect_results(days_back=7)
    ~~~~~~~~~~~~~~~~~~~~~~~~~^^^^^^^^^^^^^
  File "/var/www/html/pyethone/scripts/bet2/python_api/collect_results.py", line 66, in collect_results
    match = self._find_matching_result(pred, df)
  File "/var/www/html/pyethone/scripts/bet2/python_api/collect_results.py", line 88, in _find_matching_result
    (df['Team'] == home_team) &
     ~~^^^^^^^^
  File "/var/www/html/pyethone/pye_venv/lib/python3.13/site-packages/pandas/core/frame.py", line 4113, in __getitem__
    indexer = self.columns.get_loc(key)
  File "/var/www/html/pyethone/pye_venv/lib/python3.13/site-packages/pandas/core/indexes/base.py", line 3819, in get_loc
    raise KeyError(key) from err
KeyError: 'Team'

========================================
Results Collection Finished: Tue Nov  4 14:20:45 EET 2025
Exit Code: 0
========================================
