2025-11-06 17:28:25,709 - __main__ - INFO - 
====================================================================================================
2025-11-06 17:28:25,710 - __main__ - INFO - 🚀 STARTING /var/www/html/pyethone/scripts/bet2/php_backend/api/../../python_api/train_ensemble.py at 2025-11-06 17:28:25
2025-11-06 17:28:25,711 - __main__ - INFO - ====================================================================================================

2025-11-06 17:28:25,713 - __main__ - INFO - 
[1/6] Loading data...
2025-11-06 17:28:25,716 - services.data_loader - INFO - Loading 3 seasons: ['2025-2026', '2024-2025', '2023-2024']
2025-11-06 17:28:25,717 - services.data_loader - INFO - Loading data from /var/www/html/pyethone/scripts/bet2/data/premier_league/2025-2026_all_teams.csv
2025-11-06 17:28:25,765 - services.data_loader - INFO - Loaded 200 rows from 2025-2026
2025-11-06 17:28:25,787 - services.data_loader - INFO - Validation passed for 2025-2026
2025-11-06 17:28:25,826 - services.data_loader - INFO - Loading data from /var/www/html/pyethone/scripts/bet2/data/premier_league/2024-2025_all_teams.csv
2025-11-06 17:28:25,957 - services.data_loader - INFO - Loaded 760 rows from 2024-2025
2025-11-06 17:28:25,979 - services.data_loader - INFO - Validation passed for 2024-2025
2025-11-06 17:28:26,002 - services.data_loader - INFO - Loading data from /var/www/html/pyethone/scripts/bet2/data/premier_league/2023-2024_all_teams.csv
2025-11-06 17:28:26,106 - services.data_loader - INFO - Loaded 760 rows from 2023-2024
2025-11-06 17:28:26,122 - services.data_loader - INFO - Validation passed for 2023-2024
2025-11-06 17:28:26,201 - services.data_loader - INFO - Combined dataset: 1720 rows across 3 seasons
2025-11-06 17:28:26,203 - __main__ - INFO - Loaded 1720 matches
2025-11-06 17:28:26,203 - __main__ - INFO - 
[2/6] Generating features...
2025-11-06 17:28:26,204 - services.feature_engineering - INFO - Starting ENHANCED feature generation with opponent context...
2025-11-06 17:28:26,204 - services.feature_engineering - INFO - Input shape: (1720, 107)
2025-11-06 17:28:26,225 - services.feature_engineering - INFO - Phase 1: Generating team features...
2025-11-06 17:28:26,226 - services.feature_engineering - INFO - Adding basic features...
2025-11-06 17:28:26,303 - services.feature_engineering - INFO - Adding rolling window features...
2025-11-06 17:28:32,107 - services.feature_engineering - INFO - Adding contextual features...
2025-11-06 17:28:32,215 - services.feature_engineering - INFO - Adding streak features...
2025-11-06 17:28:32,808 - services.feature_engineering - INFO - Adding form features...
2025-11-06 17:28:33,657 - services.feature_engineering - INFO - Adding goal-specific features...
2025-11-06 17:28:35,472 - services.feature_engineering - INFO - Adding defensive features...
2025-11-06 17:28:36,287 - services.feature_engineering - INFO - Adding venue-specific features...
2025-11-06 17:28:37,859 - services.feature_engineering - INFO - Phase 2: Generating xG intelligence features...
2025-11-06 17:28:37,861 - services.feature_engineering - INFO - Adding xG intelligence features...
2025-11-06 17:28:39,147 - services.feature_engineering - INFO - Added xG intelligence features
2025-11-06 17:28:39,150 - services.feature_engineering - INFO - Phase 3: Generating opponent features...
2025-11-06 17:28:39,152 - services.feature_engineering - INFO - Adding opponent features...
2025-11-06 17:28:55,267 - services.feature_engineering - INFO - Added 22 opponent features
2025-11-06 17:28:55,274 - services.feature_engineering - INFO - Phase 4: Generating differential features...
2025-11-06 17:28:55,276 - services.feature_engineering - INFO - Adding differential features...
2025-11-06 17:28:55,325 - services.feature_engineering - INFO - Added differential features
2025-11-06 17:28:55,326 - services.feature_engineering - INFO - Phase 5: Generating goal cross-features...
2025-11-06 17:28:55,328 - services.feature_engineering - INFO - Adding goal cross-features...
2025-11-06 17:28:55,356 - services.feature_engineering - INFO - Added goal cross-features
2025-11-06 17:28:55,358 - services.feature_engineering - INFO - Phase 6: Generating cards features...
2025-11-06 17:28:55,360 - services.feature_engineering - INFO - Adding cards features...
2025-11-06 17:28:56,043 - services.feature_engineering - INFO - Added cards features
2025-11-06 17:28:56,435 - services.feature_engineering - INFO - Feature generation complete. Total features: 230
2025-11-06 17:28:56,437 - services.feature_engineering - INFO - Output shape: (1720, 339)
2025-11-06 17:28:56,439 - __main__ - INFO - Generated 212 features
2025-11-06 17:28:56,440 - __main__ - INFO - 
[3/6] Preparing training data...
2025-11-06 17:28:56,656 - __main__ - INFO - Training: 1296 samples
2025-11-06 17:28:56,657 - __main__ - INFO - Validation: 324 samples
2025-11-06 17:28:56,658 - __main__ - INFO - 
[4/6] Training Match Result Models...
2025-11-06 17:28:56,660 - __main__ - INFO - --------------------------------------------------------------------------------
2025-11-06 17:28:56,662 - __main__ - INFO - Training XGBoost...
2025-11-06 17:29:33,185 - __main__ - INFO -   XGBoost - Accuracy: 0.4475, F1: 0.3884
2025-11-06 17:29:33,186 - __main__ - INFO - Training Random Forest...
2025-11-06 17:29:41,169 - __main__ - INFO -   RandomForest - Accuracy: 0.5278, F1: 0.4091
2025-11-06 17:29:41,189 - __main__ - INFO -   Ensemble - Accuracy: 0.4969, F1: 0.4199
2025-11-06 17:29:41,190 - __main__ - INFO - 
Saving match result models...
